// Vitest Snapshot v1

exports[`[SettingsBundle]<Snapshots>(SettingsGeneral) > renders correctly component 1`] = `
<div
  class="SettingsGeneral"
  data-v-40e21cf7=""
>
  <img
    class="image"
    data-v-40e21cf7=""
    src="icons/windows-settings.svg"
  />
  <h3
    class="title"
    data-v-40e21cf7=""
  >
    Device:
  </h3>
  <p
    class="text"
    data-v-40e21cf7=""
  >
    Desktop
  </p>
  <h3
    class="title"
    data-v-40e21cf7=""
  >
    Operation system:
  </h3>
  <p
    class="text"
    data-v-40e21cf7=""
  >
    undefined
  </p>
  <h3
    class="title"
    data-v-40e21cf7=""
  >
    Browser:
  </h3>
  <p
    class="text"
    data-v-40e21cf7=""
  >
    undefined
  </p>
</div>
`;
