// Vitest Snapshot v1

exports[`[SettingsBundle]<Snapshots>(Settings) > renders correctly component 1`] = `
<div
  class="UIModal variant-primary move-window Settings"
  data-v-99a75817=""
>
  <div
    class="container"
    data-v-99a75817=""
    style="width: 335px; height: 415px;"
  >
    <div
      class="header"
      data-v-99a75817=""
      style="cursor: default;"
    >
      <h3
        class="title"
        data-v-99a75817=""
      >
        Settings
      </h3>
      <button
        class="UIButton variant-primary size-small button-close"
        data-v-99a75817=""
        data-v-cf1bb3a9=""
        type="button"
      >
        
        <img
          alt="Close window"
          class="button-close-icon"
          data-v-99a75817=""
          height="7"
          src="/icons/close-modal.svg"
          width="8"
        />
        
        
        
        
        
      </button>
    </div>
    
    <div
      class="UITabs"
      data-v-39833990=""
    >
      <div
        class="tabs"
        data-v-39833990=""
      >
        
        <button
          class="tab active"
          data-v-39833990=""
          type="button"
        >
          General
        </button>
        <button
          class="tab"
          data-v-39833990=""
          type="button"
        >
          Languages
        </button>
        
      </div>
      <div
        class="content"
        data-v-39833990=""
      >
        
        <div
          class="SettingsGeneral content-tab active"
          data-v-39833990=""
          data-v-40e21cf7=""
        >
          <img
            class="image"
            data-v-40e21cf7=""
            src="/icons/windows-settings.svg"
          />
          <h3
            class="title"
            data-v-40e21cf7=""
          >
            Device:
          </h3>
          <p
            class="text"
            data-v-40e21cf7=""
          >
            Desktop
          </p>
          <h3
            class="title"
            data-v-40e21cf7=""
          >
            Operation system:
          </h3>
          <p
            class="text"
            data-v-40e21cf7=""
          >
            undefined
          </p>
          <h3
            class="title"
            data-v-40e21cf7=""
          >
            Browser:
          </h3>
          <p
            class="text"
            data-v-40e21cf7=""
          >
            undefined
          </p>
        </div>
        <div
          class="SettingsLanguages content-tab"
          data-v-39833990=""
        >
          <select
            class="UISelect variant-undefined LanguageSwitcher"
            data-v-56cc1592=""
            data-v-d3c68ad1=""
            id="languages"
            name="languages"
          >
            
            <option
              class="option"
              data-v-d3c68ad1=""
              value="en"
            >
              English
            </option>
            <option
              class="option"
              data-v-d3c68ad1=""
              value="pl"
            >
              Polish
            </option>
            
          </select>
          <select
            class="UISelect variant-undefined ThemeSwitcher"
            data-v-6a01b610=""
            data-v-d3c68ad1=""
            id="themes"
            name="themes"
          >
            
            <option
              class="option"
              data-v-d3c68ad1=""
              value="dark"
            >
              Dark
            </option>
            <option
              class="option"
              data-v-d3c68ad1=""
              value="light"
            >
              Light
            </option>
            
          </select>
        </div>
        
      </div>
    </div>
    
  </div>
</div>
`;
