// Vitest Snapshot v1

exports[`[SettingsBundle]<Snapshots>(Settings) > renders correctly component 1`] = `
<div
  class="UIModal move-window Settings"
  data-v-99a75817=""
>
  <div
    class="container"
    data-v-99a75817=""
    style="width: 420px; height: 415px;"
  >
    <div
      class="header"
      data-v-99a75817=""
      style="cursor: default;"
    >
      <h3
        class="title"
        data-test="modal-header-title"
        data-v-99a75817=""
      >
        Settings
      </h3>
      <button
        class="UIButton size-small button-close"
        data-v-99a75817=""
        data-v-cf1bb3a9=""
        type="button"
      >
        
        <img
          alt="Close window"
          class="button-close-icon"
          data-v-99a75817=""
          height="7"
          src="/icons/close-modal.svg"
          width="8"
        />
        
        
        
        
        
      </button>
    </div>
    <!--v-if-->
    
    <div
      class="UITabs"
      data-v-39833990=""
    >
      <div
        class="tabs"
        data-v-39833990=""
      >
        
        <button
          class="tab active"
          data-v-39833990=""
          type="button"
        >
          General
        </button>
        <button
          class="tab"
          data-v-39833990=""
          type="button"
        >
          Date & Time
        </button>
        <button
          class="tab"
          data-v-39833990=""
          type="button"
        >
          Languages
        </button>
        
      </div>
      <div
        class="content"
        data-v-39833990=""
      >
        
        <div
          class="SettingsGeneral content-tab active"
          data-v-39833990=""
          data-v-40e21cf7=""
        >
          <img
            class="image"
            data-v-40e21cf7=""
            src="/icons/windows-settings.svg"
          />
          <h3
            class="title"
            data-v-40e21cf7=""
          >
            Device:
          </h3>
          <p
            class="text"
            data-v-40e21cf7=""
          >
            Desktop
          </p>
          <h3
            class="title"
            data-v-40e21cf7=""
          >
            Operation system:
          </h3>
          <p
            class="text"
            data-v-40e21cf7=""
          >
            undefined
          </p>
          <h3
            class="title"
            data-v-40e21cf7=""
          >
            Browser:
          </h3>
          <p
            class="text"
            data-v-40e21cf7=""
          >
            undefined
          </p>
        </div>
        <div
          class="SettingsDateTime content-tab"
          data-v-39833990=""
          data-v-b9c2b439=""
        >
          <div
            class="UIFrame CalendarSettings"
            data-v-9351c3bb=""
            data-v-b9c2b439=""
            data-v-ff9b8841=""
          >
            <p
              class="UIText title"
              data-test="frame-title-calendar"
              data-v-f0b878d5=""
              data-v-ff9b8841=""
            >
              
              Calendar
              
            </p>
            
            <div
              class="UISelect CalendarMonthSwitcher"
              data-v-0ce71445=""
              data-v-9351c3bb=""
              data-v-d3c68ad1=""
            >
              <!--v-if-->
              <select
                class="select"
                data-test="ui-select-date-months"
                data-v-d3c68ad1=""
                id="date-months"
                name="date-months"
              >
                
                <option
                  class="option"
                  data-v-d3c68ad1=""
                  value="0"
                >
                  January
                </option>
                <option
                  class="option"
                  data-v-d3c68ad1=""
                  value="1"
                >
                  February
                </option>
                <option
                  class="option"
                  data-v-d3c68ad1=""
                  value="2"
                >
                  March
                </option>
                <option
                  class="option"
                  data-v-d3c68ad1=""
                  value="3"
                >
                  April
                </option>
                <option
                  class="option"
                  data-v-d3c68ad1=""
                  value="4"
                >
                  May
                </option>
                <option
                  class="option"
                  data-v-d3c68ad1=""
                  value="5"
                >
                  June
                </option>
                <option
                  class="option"
                  data-v-d3c68ad1=""
                  value="6"
                >
                  July
                </option>
                <option
                  class="option"
                  data-v-d3c68ad1=""
                  value="7"
                >
                  August
                </option>
                <option
                  class="option"
                  data-v-d3c68ad1=""
                  value="8"
                >
                  September
                </option>
                <option
                  class="option"
                  data-v-d3c68ad1=""
                  value="9"
                >
                  October
                </option>
                <option
                  class="option"
                  data-v-d3c68ad1=""
                  value="10"
                >
                  November
                </option>
                <option
                  class="option"
                  data-v-d3c68ad1=""
                  value="11"
                >
                  December
                </option>
                
              </select>
            </div>
            <div
              class="CalendarYearSwitcher"
              data-v-9351c3bb=""
              data-v-ca14cfec=""
            >
              <p
                class="UIText year"
                data-test="calendar-year-switcher-year"
                data-v-ca14cfec=""
                data-v-f0b878d5=""
              >
                
                
                
              </p>
              <button
                class="UIButton size-small button increase"
                data-test="calendar-year-switcher-increase"
                data-v-ca14cfec=""
                data-v-cf1bb3a9=""
                type="button"
              >
                
                
                
                
                
                
              </button>
              <button
                class="UIButton size-small button decrease"
                data-test="calendar-year-switcher-decrease"
                data-v-ca14cfec=""
                data-v-cf1bb3a9=""
                type="button"
              >
                
                
                
                
                
                
              </button>
            </div>
            <div
              class="CalendarView"
              data-v-4334b8a6=""
              data-v-9351c3bb=""
            >
              <div
                class="week-days"
                data-v-4334b8a6=""
              >
                
                <div
                  class="week"
                  data-v-4334b8a6=""
                >
                  S
                </div>
                <div
                  class="week"
                  data-v-4334b8a6=""
                >
                  M
                </div>
                <div
                  class="week"
                  data-v-4334b8a6=""
                >
                  T
                </div>
                <div
                  class="week"
                  data-v-4334b8a6=""
                >
                  W
                </div>
                <div
                  class="week"
                  data-v-4334b8a6=""
                >
                  T
                </div>
                <div
                  class="week"
                  data-v-4334b8a6=""
                >
                  F
                </div>
                <div
                  class="week"
                  data-v-4334b8a6=""
                >
                  S
                </div>
                
              </div>
              <!--v-if-->
            </div>
            
          </div>
          <div
            class="UIFrame TimezoneSwitcher"
            data-v-8f4e71f6=""
            data-v-b9c2b439=""
            data-v-ff9b8841=""
          >
            <p
              class="UIText title"
              data-test="frame-title-timezone"
              data-v-f0b878d5=""
              data-v-ff9b8841=""
            >
              
              Timezone
              
            </p>
            
            <div
              class="UISelect select"
              data-v-8f4e71f6=""
              data-v-d3c68ad1=""
            >
              <!--v-if-->
              <select
                class="select"
                data-test="ui-select-timezones"
                data-v-d3c68ad1=""
                id="timezones"
                name="timezones"
              >
                
                <option
                  class="option"
                  data-v-d3c68ad1=""
                  value="-12"
                >
                  GMT-12 International Date Line West (IDLW)
                </option>
                <option
                  class="option"
                  data-v-d3c68ad1=""
                  value="-11"
                >
                  GMT-11 Nome Time (NT)
                </option>
                <option
                  class="option"
                  data-v-d3c68ad1=""
                  value="-10"
                >
                  GMT-10 Hawaii Standard Time (HST)
                </option>
                <option
                  class="option"
                  data-v-d3c68ad1=""
                  value="-9"
                >
                  GMT-9 Alaska Standard Time (AKST)
                </option>
                <option
                  class="option"
                  data-v-d3c68ad1=""
                  value="-8"
                >
                  GMT-8 Pacific Standard Time (PST)
                </option>
                <option
                  class="option"
                  data-v-d3c68ad1=""
                  value="-7"
                >
                  GMT-7 Mountain Standard Time (MST)
                </option>
                <option
                  class="option"
                  data-v-d3c68ad1=""
                  value="-6"
                >
                  GMT-6 Central Standard Time (CST)
                </option>
                <option
                  class="option"
                  data-v-d3c68ad1=""
                  value="-5"
                >
                  GMT-5 Eastern Standard Time (EST)
                </option>
                <option
                  class="option"
                  data-v-d3c68ad1=""
                  value="-4"
                >
                  GMT-4 Atlantic Standard Time (AST)
                </option>
                <option
                  class="option"
                  data-v-d3c68ad1=""
                  value="-3"
                >
                  GMT-3 Argentina Time (ART)
                </option>
                <option
                  class="option"
                  data-v-d3c68ad1=""
                  value="-2"
                >
                  GMT-2 Azores Time (AT)
                </option>
                <option
                  class="option"
                  data-v-d3c68ad1=""
                  value="-1"
                >
                  GMT-1 West Africa Time (WAT)
                </option>
                <option
                  class="option"
                  data-v-d3c68ad1=""
                  value="0"
                >
                  GMT+0 Greenwich Mean Time (GMT)
                </option>
                <option
                  class="option"
                  data-v-d3c68ad1=""
                  value="1"
                >
                  GMT+1 Central European Time (CET)
                </option>
                <option
                  class="option"
                  data-v-d3c68ad1=""
                  value="2"
                >
                  GMT+2 Eastern European Time (EET)
                </option>
                <option
                  class="option"
                  data-v-d3c68ad1=""
                  value="3"
                >
                  GMT+3 Moscow Time (MSK)
                </option>
                <option
                  class="option"
                  data-v-d3c68ad1=""
                  value="4"
                >
                  GMT+4 Armenia Time (AMT)
                </option>
                <option
                  class="option"
                  data-v-d3c68ad1=""
                  value="5"
                >
                  GMT+5 Pakistan Standard Time (PKT)
                </option>
                <option
                  class="option"
                  data-v-d3c68ad1=""
                  value="6"
                >
                  GMT+6 Omsk Time (OMSK)
                </option>
                <option
                  class="option"
                  data-v-d3c68ad1=""
                  value="7"
                >
                  GMT+7 Kranoyask Time (KRAT)
                </option>
                <option
                  class="option"
                  data-v-d3c68ad1=""
                  value="8"
                >
                  GMT+8 China Standard Time (CST)
                </option>
                <option
                  class="option"
                  data-v-d3c68ad1=""
                  value="9"
                >
                  GMT+9 Japan Standard Time (JST)
                </option>
                <option
                  class="option"
                  data-v-d3c68ad1=""
                  value="10"
                >
                  GMT+10 Eastern Australia Standard Time (AEST)
                </option>
                <option
                  class="option"
                  data-v-d3c68ad1=""
                  value="11"
                >
                  GMT+11 Sakhalin Time (SAKT)
                </option>
                <option
                  class="option"
                  data-v-d3c68ad1=""
                  value="12"
                >
                  GMT+12 New Zealand Standard Time (NZST)
                </option>
                
              </select>
            </div>
            
          </div>
        </div>
        <div
          class="SettingsLanguages content-tab"
          data-v-39833990=""
        >
          <div
            class="UISelect LanguageSwitcher"
            data-v-56cc1592=""
            data-v-d3c68ad1=""
          >
            <!--v-if-->
            <select
              class="select"
              data-test="ui-select-languages"
              data-v-d3c68ad1=""
              id="languages"
              name="languages"
            >
              
              <option
                class="option"
                data-v-d3c68ad1=""
                value="en"
              >
                English
              </option>
              <option
                class="option"
                data-v-d3c68ad1=""
                value="pl"
              >
                Polish
              </option>
              
            </select>
          </div>
          <div
            class="UISelect ThemeSwitcher"
            data-v-6a01b610=""
            data-v-d3c68ad1=""
          >
            <!--v-if-->
            <select
              class="select"
              data-test="ui-select-themes"
              data-v-d3c68ad1=""
              id="themes"
              name="themes"
            >
              
              <option
                class="option"
                data-v-d3c68ad1=""
                value="light"
              >
                Light
              </option>
              <option
                class="option"
                data-v-d3c68ad1=""
                value="dark"
              >
                Dark
              </option>
              
            </select>
          </div>
        </div>
        
      </div>
    </div>
    
  </div>
</div>
`;
