// Vitest Snapshot v1

exports[`[SettingsBundle]<Snapshots>(Settings) > renders correctly component 1`] = `
<div
  class="UIModal variant-primary move-window Settings"
  data-v-0f754a09=""
  data-v-99a75817=""
>
  <div
    class="container"
    data-v-99a75817=""
    style="width: 335px; height: 415px;"
  >
    <div
      class="header"
      data-v-99a75817=""
      style="cursor: default;"
    >
      <h3
        class="title"
        data-v-99a75817=""
      >
        Settings
      </h3>
      <button
        class="UIButton variant-primary size-small button-close"
        data-v-99a75817=""
        data-v-cf1bb3a9=""
        type="button"
      >
        
        <img
          alt="Close window"
          class="button-close-icon"
          data-v-99a75817=""
          height="7"
          src="/icons/close-modal.svg"
          width="8"
        />
        
        
        
        
        
      </button>
    </div>
    
    <div
      class="content"
      data-v-0f754a09=""
    >
      <select
        class="UISelect variant-undefined LanguageSwitcher"
        data-v-0f754a09=""
        data-v-56cc1592=""
        data-v-d3c68ad1=""
        id="languages-option"
        name="languages-option"
      >
        
        <option
          class="option"
          data-v-d3c68ad1=""
          value="en"
        >
          Language.english
        </option>
        <option
          class="option"
          data-v-d3c68ad1=""
          value="pl"
        >
          Language.polish
        </option>
        
      </select>
    </div>
    
  </div>
</div>
`;
