// Vitest Snapshot v1

exports[`[SettingsBundle]<Snapshots>(SettingsGeneral) > renders correctly component 1`] = `
<div
  class="SettingsGeneral"
>
  <h3
    class="title"
  >
    Device:
  </h3>
  <p>
    Mobile
  </p>
  <h3
    class="title"
  >
    Operation system:
  </h3>
  <p />
  <h3
    class="title"
  >
    Browser:
  </h3>
  <p>
    ... here will be system name
  </p>
</div>
`;
