// Vitest Snapshot v1

exports[`[NotepadBundle]<Snapshots>(Notepad) > renders correctly component 1`] = `
<div
  class="UIModal resize-window move-window Notepad"
  data-v-7632fb2e=""
  data-v-99a75817=""
>
  <div
    class="container"
    data-v-99a75817=""
    style="width: 600px; height: 450px;"
  >
    <div
      class="header"
      data-v-99a75817=""
      style="cursor: default;"
    >
      <h3
        class="title"
        data-test="modal-header-title"
        data-v-99a75817=""
      >
        Notepad
      </h3>
      <button
        class="UIButton size-small button-close"
        data-v-99a75817=""
        data-v-cf1bb3a9=""
        type="button"
      >
        
        <img
          alt="Close window"
          class="button-close-icon"
          data-v-99a75817=""
          height="7"
          src="/icons/close-modal.svg"
          width="8"
        />
        
        
        
        
        
      </button>
    </div>
    <div
      class="UIModalNavigation"
      data-v-99a75817=""
      data-v-9a70d424=""
    >
      
      
      <button
        class="UIModalNavigationItem"
        data-v-0ff8e3f7=""
        data-v-7632fb2e=""
        type="button"
      >
        
        Save
        
      </button>
      <div
        class="FileOpen"
        data-v-7632fb2e=""
        data-v-d06489ec=""
      >
        <div
          class="open-file"
          data-test="file-open-button"
          data-v-d06489ec=""
        >
          
          <button
            class="UIModalNavigationItem"
            data-v-0ff8e3f7=""
            data-v-7632fb2e=""
            type="button"
          >
            
            Open
            
          </button>
          
        </div>
        <input
          class="read-file"
          data-v-d06489ec=""
          type="file"
        />
      </div>
      
      
    </div>
    
    <div
      class="content"
      data-v-7632fb2e=""
    >
      <!--v-if-->
      <div
        class="UITextarea label-position-top type-notepad textarea"
        data-v-7632fb2e=""
        data-v-cbf41378=""
        resize-window="true"
      >
        <!--v-if-->
        <textarea
          class="textarea"
          data-v-cbf41378=""
          id="notepad-textarea"
        />
      </div>
    </div>
    
  </div>
</div>
`;
