// Vitest Snapshot v1

exports[`[CalendarBundle]<Snapshots>(CalendarView) > renders correctly component 1`] = `
<div
  class="CalendarView"
  data-v-4334b8a6=""
>
  <div
    class="week-days"
    data-v-4334b8a6=""
  >
    
    <div
      class="week"
      data-v-4334b8a6=""
    >
      S
    </div>
    <div
      class="week"
      data-v-4334b8a6=""
    >
      M
    </div>
    <div
      class="week"
      data-v-4334b8a6=""
    >
      T
    </div>
    <div
      class="week"
      data-v-4334b8a6=""
    >
      W
    </div>
    <div
      class="week"
      data-v-4334b8a6=""
    >
      T
    </div>
    <div
      class="week"
      data-v-4334b8a6=""
    >
      F
    </div>
    <div
      class="week"
      data-v-4334b8a6=""
    >
      S
    </div>
    
  </div>
  <!--v-if-->
</div>
`;
