// Vitest Snapshot v1

exports[`[CalendarBundle]<Snapshots>(CalendarMonthSwitcher) > renders correctly component 1`] = `
<div
  class="UISelect CalendarMonthSwitcher"
  data-v-0ce71445=""
  data-v-d3c68ad1=""
>
  <!--v-if-->
  <select
    class="select"
    data-test="ui-select-date-months"
    data-v-d3c68ad1=""
    id="date-months"
    name="date-months"
  >
    
    <option
      class="option"
      data-v-d3c68ad1=""
      value="0"
    >
      January
    </option>
    <option
      class="option"
      data-v-d3c68ad1=""
      value="1"
    >
      February
    </option>
    <option
      class="option"
      data-v-d3c68ad1=""
      value="2"
    >
      March
    </option>
    <option
      class="option"
      data-v-d3c68ad1=""
      value="3"
    >
      April
    </option>
    <option
      class="option"
      data-v-d3c68ad1=""
      value="4"
    >
      May
    </option>
    <option
      class="option"
      data-v-d3c68ad1=""
      value="5"
    >
      June
    </option>
    <option
      class="option"
      data-v-d3c68ad1=""
      value="6"
    >
      July
    </option>
    <option
      class="option"
      data-v-d3c68ad1=""
      value="7"
    >
      August
    </option>
    <option
      class="option"
      data-v-d3c68ad1=""
      value="8"
    >
      September
    </option>
    <option
      class="option"
      data-v-d3c68ad1=""
      value="9"
    >
      October
    </option>
    <option
      class="option"
      data-v-d3c68ad1=""
      value="10"
    >
      November
    </option>
    <option
      class="option"
      data-v-d3c68ad1=""
      value="11"
    >
      December
    </option>
    
  </select>
</div>
`;
