// Vitest Snapshot v1

exports[`[UIBundle]<Snapshots>(UICheckbox) > renders correctly component: variant primary, disabled false and checked false 1`] = `
<label
  class="UICheckbox variant-primary"
  data-v-90a1e1a2=""
>
  <input
    class="input"
    data-v-90a1e1a2=""
    type="checkbox"
  />
  <span
    class="checkmark"
    data-v-90a1e1a2=""
  >
    <i
      class="icon"
      data-v-90a1e1a2=""
    />
  </span>
  <p
    class="text"
    data-v-90a1e1a2=""
  >
    
    Check Me!
    
  </p>
</label>
`;

exports[`[UIBundle]<Snapshots>(UICheckbox) > renders correctly component: variant primary, disabled true and checked true 1`] = `
<label
  class="UICheckbox variant-primary"
  data-v-90a1e1a2=""
>
  <input
    class="input"
    data-v-90a1e1a2=""
    disabled=""
    type="checkbox"
  />
  <span
    class="checkmark"
    data-v-90a1e1a2=""
  >
    <i
      class="icon"
      data-v-90a1e1a2=""
    />
  </span>
  <!--v-if-->
</label>
`;
