// Vitest Snapshot v1

exports[`[UIBundle]<Snapshots>(UIFrame) > renders correctly component 1`] = `
<div
  class="UIFrame"
  data-v-ff9b8841=""
>
  <p
    class="UIText title"
    data-v-f0b878d5=""
    data-v-ff9b8841=""
  >
    
    Date & Time
    
  </p>
  
  <p>
    here can be content :)
  </p>
  
</div>
`;
