// Vitest Snapshot v1

exports[`[UIBundle]<Snapshots>(UIRadio) > renders correctly component: variant primary, disabled false and checked false 1`] = `
<label
  class="UIRadio variant-primary"
  data-v-ccc35d9d=""
>
  <input
    class="input"
    data-test="ui-radio-input-available-radio-restart"
    data-v-ccc35d9d=""
    name="available-radio"
    type="radio"
    value="restart"
  />
  <span
    class="radio"
    data-test="ui-radio-icon-available-radio-restart"
    data-v-ccc35d9d=""
  />
  <p
    class="UIText text"
    data-test="ui-radio-label-available-radio-restart"
    data-v-ccc35d9d=""
    data-v-f0b878d5=""
  >
    
    
    Check Me!
    
    
  </p>
</label>
`;

exports[`[UIBundle]<Snapshots>(UIRadio) > renders correctly component: variant primary, disabled true and checked true 1`] = `
<label
  class="UIRadio variant-primary"
  data-v-ccc35d9d=""
>
  <input
    class="input"
    data-test="ui-radio-input-unavailable-radio-shut-down"
    data-v-ccc35d9d=""
    disabled=""
    name="unavailable-radio"
    type="radio"
    value="shut-down"
  />
  <span
    class="radio"
    data-test="ui-radio-icon-unavailable-radio-shut-down"
    data-v-ccc35d9d=""
  />
  <!--v-if-->
</label>
`;
