// Vitest Snapshot v1

exports[`[UIBundle]<Snapshots>(UITabs) > renders correctly component 1`] = `
<div
  class="UITabs"
  data-v-39833990=""
>
  <div
    class="tabs"
    data-v-39833990=""
  >
    
    <button
      class="tab active"
      data-v-39833990=""
      type="button"
    >
      General
    </button>
    <button
      class="tab"
      data-v-39833990=""
      type="button"
    >
      Display
    </button>
    
  </div>
  <div
    class="content"
    data-v-39833990=""
  >
    
    <p
      class="UIText content-tab active"
      data-v-39833990=""
      data-v-f0b878d5=""
    >
      
      
    </p>
    <p
      class="UIText content-tab"
      data-v-39833990=""
      data-v-f0b878d5=""
    >
      
      
    </p>
    
  </div>
</div>
`;
