// Vitest Snapshot v1

exports[`[UIBundle]<Snapshots>(UITabs) > renders correctly component 1`] = `
<div
  class="UITabs"
  data-v-39833990=""
>
  <div
    class="tabs"
    data-v-39833990=""
  >
    
    <button
      class="tab active"
      data-test="ui-tabs-button-0"
      data-v-39833990=""
      type="button"
    >
      General
    </button>
    <button
      class="tab"
      data-test="ui-tabs-button-1"
      data-v-39833990=""
      type="button"
    >
      General
    </button>
    
  </div>
  <div
    class="content"
    data-v-39833990=""
  >
    
    <anonymous-stub
      class="content-tab active"
      data-v-39833990=""
    />
    <anonymous-stub
      class="content-tab"
      data-v-39833990=""
    />
    
  </div>
</div>
`;
