// Vitest Snapshot v1

exports[`[StartBundle]<Snapshots>(StartPanelItem) > renders correctly size medium component 1`] = `
<div
  class="StartPanelItem s-medium"
  data-v-f765ff07=""
>
  <img
    class="icon"
    data-v-f765ff07=""
    height="25"
    src="/icons/applications/documents.png"
    width="25"
  />
  <p
    class="UIText name"
    data-v-f0b878d5=""
    data-v-f765ff07=""
  >
    
    Documents
    
  </p>
  <!--v-if-->
</div>
`;

exports[`[StartBundle]<Snapshots>(StartPanelItem) > renders correctly size small component 1`] = `
<div
  class="StartPanelItem s-small"
  data-v-f765ff07=""
>
  <img
    class="icon"
    data-v-f765ff07=""
    height="18"
    src="/icons/applications/shut-down.png"
    width="18"
  />
  <p
    class="UIText name"
    data-v-f0b878d5=""
    data-v-f765ff07=""
  >
    
    Shut Down...
    
  </p>
  <!--v-if-->
</div>
`;
