// Vitest Snapshot v1

exports[`[StartBundle]<Snapshots>(StartPanel) > renders correctly variant primary component 1`] = `
<div
  class="StartPanel v-primary"
  data-v-38771fa7=""
>
  
  
</div>
`;

exports[`[StartBundle]<Snapshots>(StartPanel) > renders correctly variant secondary component 1`] = `
<div
  class="StartPanel v-secondary"
  data-v-38771fa7=""
>
  
  
</div>
`;
