// Vitest Snapshot v1

exports[`[RunBundle]<Snapshots>(Run) > renders correctly component 1`] = `
<div
  class="UIModal move-window Run"
  data-v-00dd9280=""
  data-v-99a75817=""
>
  <div
    class="container"
    data-v-99a75817=""
    style="width: 330px; height: 165px;"
  >
    <div
      class="header"
      data-v-99a75817=""
      style="cursor: default;"
    >
      <h3
        class="title"
        data-test="modal-header-title"
        data-v-99a75817=""
      >
        Run
      </h3>
      <button
        class="UIButton size-small button-close"
        data-v-99a75817=""
        data-v-cf1bb3a9=""
        type="button"
      >
        
        <img
          alt="Close window"
          class="button-close-icon"
          data-v-99a75817=""
          height="7"
          src="/icons/close-modal.svg"
          width="8"
        />
        
        
        
        
        
      </button>
    </div>
    <!--v-if-->
    
    <div
      class="content"
      data-v-00dd9280=""
    >
      <img
        alt="Run computer"
        class="icon"
        data-v-00dd9280=""
        height="32"
        src="/icons/applications/run.png"
        width="32"
      />
      <p
        class="UIText description"
        data-v-00dd9280=""
        data-v-f0b878d5=""
      >
        
        Type of the name of a program and Windows will open it for you
        
      </p>
      <div
        class="UIInput label-position-left input"
        data-v-00dd9280=""
        data-v-e394574e=""
      >
        <label
          class="label"
          data-v-e394574e=""
          for="run-input"
        >
          Open:
        </label>
        <input
          class="input"
          data-v-e394574e=""
          id="run-input"
          type="text"
        />
      </div>
      <button
        class="UIButton size-medium button is-ok"
        data-v-00dd9280=""
        data-v-cf1bb3a9=""
        type="button"
      >
        
        
        
        OK
        
        
        
      </button>
      <button
        class="UIButton size-medium button is-cancel"
        data-v-00dd9280=""
        data-v-cf1bb3a9=""
        type="button"
      >
        
        
        
        Cancel
        
        
        
      </button>
    </div>
    
  </div>
</div>
`;
