// Vitest Snapshot v1

exports[`[PulpitBundle]<Snapshots>(PulpitItem) > renders correctly component 1`] = `
<div
  class="PulpitItem"
  data-v-95683558=""
>
  <img
    alt="My Computer"
    class="icon"
    data-v-95683558=""
    height="32"
    src="src/Assets/Icons/Applications/mycomputer.png"
    width="32"
  />
  <p
    class="UIText name"
    data-v-95683558=""
    data-v-f0b878d5=""
  >
    
    My Computer
    
  </p>
</div>
`;
