// Vitest Snapshot v1

exports[`[LanguageBundle]<Snapshots>(LanguageSwitcher) > renders correctly component 1`] = `
<select
  class="UISelect variant-undefined LanguageSwitcher"
  data-v-56cc1592=""
  data-v-d3c68ad1=""
  id="languages-option"
  name="languages-option"
>
  
  <option
    class="option"
    data-v-d3c68ad1=""
    value="en"
  >
    English
  </option>
  <option
    class="option"
    data-v-d3c68ad1=""
    value="pl"
  >
    Polish
  </option>
  
</select>
`;
