// Vitest Snapshot v1

exports[`[FileBundle]<Snapshots>(FileSave) > renders correctly component 1`] = `
<div
  class="UIModal FileSave"
  data-v-119c719c=""
  data-v-99a75817=""
>
  <div
    class="container"
    data-v-99a75817=""
    style="width: 320px; height: 100px;"
  >
    <div
      class="header"
      data-v-99a75817=""
      style="cursor: default;"
    >
      <h3
        class="title"
        data-v-99a75817=""
      >
        Save as
      </h3>
      <button
        class="UIButton size-small button-close"
        data-v-99a75817=""
        data-v-cf1bb3a9=""
        type="button"
      >
        
        <img
          alt="Close window"
          class="button-close-icon"
          data-v-99a75817=""
          height="7"
          src="/icons/close-modal.svg"
          width="8"
        />
        
        
        
        
        
      </button>
    </div>
    <!--v-if-->
    
    <div
      class="content"
      data-v-119c719c=""
    >
      <div
        class="UIInput label-position-left input"
        data-v-119c719c=""
        data-v-e394574e=""
      >
        <label
          class="label"
          data-v-e394574e=""
          for="file-save-name"
        >
          File name:
        </label>
        <input
          class="input"
          data-v-e394574e=""
          id="file-save-name"
          type="text"
        />
      </div>
      <button
        class="UIButton size-medium"
        data-v-119c719c=""
        data-v-cf1bb3a9=""
        type="button"
      >
        
        
        
        Save
        
        
        
      </button>
      <div
        class="UISelect label-position-left select"
        data-v-119c719c=""
        data-v-d3c68ad1=""
      >
        <label
          class="label"
          data-v-d3c68ad1=""
          for="file-types"
        >
          Save as type:
        </label>
        <select
          class="select"
          data-v-d3c68ad1=""
          id="file-types"
          name="file-types"
        >
          
          <option
            class="option"
            data-v-d3c68ad1=""
            value="text/txt;charset=utf-8;"
          >
            Text Document (*.txt)
          </option>
          <option
            class="option"
            data-v-d3c68ad1=""
            value="text/doc;charset=utf-8;"
          >
            Word Document (*.doc)
          </option>
          <option
            class="option"
            data-v-d3c68ad1=""
            value="text/csv;charset=utf-8;"
          >
            CSV Document (*.csv)
          </option>
          <option
            class="option"
            data-v-d3c68ad1=""
            value="text/rtf;charset=utf-8;"
          >
            Rich text format (*.rtf)
          </option>
          
        </select>
      </div>
      <button
        class="UIButton size-medium"
        data-v-119c719c=""
        data-v-cf1bb3a9=""
        type="button"
      >
        
        
        
        Cancel
        
        
        
      </button>
    </div>
    
  </div>
</div>
`;
