// Vitest Snapshot v1

exports[`[StartBundle]<Snapshots>(Start) > renders correctly component before click button 1`] = `
<div
  class="UIModal move-window ShutDown"
  data-v-7ca490df=""
  data-v-99a75817=""
>
  <div
    class="container"
    data-v-99a75817=""
    style="width: 330px; height: 180px;"
  >
    <div
      class="header"
      data-v-99a75817=""
      style="cursor: default;"
    >
      <h3
        class="title"
        data-v-99a75817=""
      >
        Shut Down Windows
      </h3>
      <button
        class="UIButton size-small button-close"
        data-v-99a75817=""
        data-v-cf1bb3a9=""
        type="button"
      >
        
        <img
          alt="Close window"
          class="button-close-icon"
          data-v-99a75817=""
          height="7"
          src="/icons/close-modal.svg"
          width="8"
        />
        
        
        
        
        
      </button>
    </div>
    
    <div
      class="content"
      data-v-7ca490df=""
    >
      <img
        alt="My computer"
        class="icon"
        data-v-7ca490df=""
        height="32"
        src="/icons/applications/mycomputer.png"
        width="32"
      />
      <p
        class="UIText description"
        data-v-7ca490df=""
        data-v-f0b878d5=""
      >
        
        What do you want the computer to do?
        
      </p>
      <label
        class="UIRadio variant-primary checkbox-shut-down"
        data-v-7ca490df=""
        data-v-ccc35d9d=""
      >
        <input
          class="input"
          data-v-ccc35d9d=""
          name="shut-down-radio-inputs"
          type="radio"
          value="shut-down"
        />
        <span
          class="radio"
          data-v-ccc35d9d=""
        />
        <p
          class="UIText text"
          data-v-ccc35d9d=""
          data-v-f0b878d5=""
        >
          
          
          Shut Down
          
          
        </p>
      </label>
      <label
        class="UIRadio variant-primary checkbox-restart"
        data-v-7ca490df=""
        data-v-ccc35d9d=""
      >
        <input
          class="input"
          data-v-ccc35d9d=""
          name="shut-down-radio-inputs"
          type="radio"
          value="restart"
        />
        <span
          class="radio"
          data-v-ccc35d9d=""
        />
        <p
          class="UIText text"
          data-v-ccc35d9d=""
          data-v-f0b878d5=""
        >
          
          
          Restart
          
          
        </p>
      </label>
      <button
        class="UIButton size-medium button is-ok"
        data-v-7ca490df=""
        data-v-cf1bb3a9=""
        type="button"
      >
        
        
        
        OK
        
        
        
      </button>
      <button
        class="UIButton size-medium button is-cancel"
        data-v-7ca490df=""
        data-v-cf1bb3a9=""
        type="button"
      >
        
        
        
        Cancel
        
        
        
      </button>
    </div>
    
  </div>
</div>
`;
